// Jest Snapshot v1, https://goo.gl/fbAQLP

exports[`The plugin only-enum-types should generate code that matches the snapshots: types.ts 1`] = `
"export type Maybe<T> = T | null;
export type InputMaybe<T> = Maybe<T>;
export type Exact<T extends { [key: string]: unknown }> = { [K in keyof T]: T[K] };
export type MakeOptional<T, K extends keyof T> = Omit<T, K> & { [SubKey in K]?: Maybe<T[SubKey]> };
export type MakeMaybe<T, K extends keyof T> = Omit<T, K> & { [SubKey in K]: Maybe<T[SubKey]> };
export type MakeEmpty<T extends { [key: string]: unknown }, K extends keyof T> = { [_ in K]?: never };
export type Incremental<T> = T | { [P in keyof T]?: P extends ' $fragmentName' | '__typename' ? T[P] : never };

export enum Genre {
  Crime = 'CRIME',
  Fantasy = 'FANTASY',
  Thriller = 'THRILLER'
}
"
`;
